// Jest Snapshot v1, https://goo.gl/fbAQLP

exports[`break_chained_methods=false: beautifiedText 1`] = `foo.bar().baz();`;

exports[`break_chained_methods=false: entity 1`] = `
Object {
  "options": Object {
    "beautifiers": Array [
      "JS-Beautify",
    ],
    "brace_style": "collapse",
  },
}
`;

exports[`break_chained_methods=false: fitness 1`] = `0`;
