// Jest Snapshot v1, https://goo.gl/fbAQLP

exports[`break_chained_methods break_chained_methods=true: beautifiedText 1`] = `
foo.bar()
    .baz();
`;

exports[`break_chained_methods break_chained_methods=true: beautifiers 1`] = `
Array [
  "JS-Beautify",
]
`;

exports[`break_chained_methods break_chained_methods=true: trimmedOptions 1`] = `
Object {
  "break_chained_methods": true,
  "end_with_newline": false,
}
`;
