// Jest Snapshot v1, https://goo.gl/fbAQLP

exports[`break_chained_methods break_chained_methods=true: beautifiedText 1`] = `
foo.bar()
  .baz();
`;

exports[`break_chained_methods break_chained_methods=true: entity 1`] = `
Object {
  "options": Object {
    "beautifiers": Array [
      "JS-Beautify",
    ],
    "indent_size": 2,
    "wrap_line_length": 8,
  },
}
`;

exports[`break_chained_methods break_chained_methods=true: fitness 1`] = `1`;
