// Jest Snapshot v1, https://goo.gl/fbAQLP

exports[`comma_first: beautifiedText 1`] = `
const a = "a"
  , b = "b"
  , c = "c";
`;

exports[`comma_first: beautifiers 1`] = `
Array [
  "JS-Beautify",
]
`;

exports[`comma_first: trimmedOptions 1`] = `
Object {
  "comma_first": true,
  "indent_size": 2,
}
`;
