// Jest Snapshot v1, https://goo.gl/fbAQLP

exports[`object_curly_spacing: beautifiedText 1`] = `
var obj = {foo: "bar"};

`;

exports[`object_curly_spacing: beautifiers 1`] = `
Array [
  "Prettier",
]
`;

exports[`object_curly_spacing: trimmedOptions 1`] = `
Object {
  "object_curly_spacing": false,
  "quotes": "none",
}
`;
