// Jest Snapshot v1, https://goo.gl/fbAQLP

exports[`pragma_insert: beautifiedText 1`] = `
/** @format */

console.log('hello world')

`;

exports[`pragma_insert: beautifiers 1`] = `
Array [
  "Prettier",
]
`;

exports[`pragma_insert: trimmedOptions 1`] = `
Object {
  "end_with_semicolon": false,
  "pragma_insert": true,
  "quotes": "single",
}
`;
