// Jest Snapshot v1, https://goo.gl/fbAQLP

exports[`prettier1: beautifiedText 1`] = `
/** @format */

var foo = {
  bar: "baz",
  qux: "quux",
}

var bar = {
  bar: "baz",
  qux: "quux",
}

`;

exports[`prettier1: entity 1`] = `
Object {
  "options": Object {
    "beautifiers": Array [
      "Prettier",
    ],
    "end_with_comma": true,
    "end_with_semicolon": false,
    "pragma_insert": true,
  },
}
`;

exports[`prettier1: fitness 1`] = `2`;
