// Jest Snapshot v1, https://goo.gl/fbAQLP

exports[`quotes: beautifiedText 1`] = `
if (true) {
  console.log('hello world')
}

`;

exports[`quotes: beautifiers 1`] = `
Array [
  "Prettier",
]
`;

exports[`quotes: trimmedOptions 1`] = `
Object {
  "end_with_semicolon": false,
  "quotes": "single",
}
`;
