// Jest Snapshot v1, https://goo.gl/fbAQLP

exports[`quotes + object_curly_spacing: beautifiedText 1`] = `
if (true) {
  console.log({hello: 'world'})
}

`;

exports[`quotes + object_curly_spacing: entity 1`] = `
Object {
  "options": Object {
    "beautifiers": Array [
      "Prettier",
    ],
    "end_with_semicolon": false,
    "object_curly_spacing": false,
    "quotes": "single",
  },
}
`;

exports[`quotes + object_curly_spacing: fitness 1`] = `2`;
