// Jest Snapshot v1, https://goo.gl/fbAQLP

exports[`quotes + object_curly_spacing: beautifiedText 1`] = `
if (true) {
  console.log({hello: 'world'})
}

`;

exports[`quotes + object_curly_spacing: beautifiers 1`] = `
Array [
  "Prettier",
]
`;

exports[`quotes + object_curly_spacing: trimmedOptions 1`] = `
Object {
  "end_with_semicolon": false,
  "object_curly_spacing": false,
  "quotes": "single",
}
`;
