// Jest Snapshot v1, https://goo.gl/fbAQLP

exports[`test1: beautifiedText 1`] = `if(true){console.log({ hello: "world" });}`;

exports[`test1: entity 1`] = `
Object {
  "options": Object {
    "beautifiers": Array [
      "Prettier",
    ],
    "pragma_require": true,
  },
}
`;

exports[`test1: fitness 1`] = `0`;
